On branch main
Your branch is up to date with 'origin/main'.

Changes not staged for commit:
  (use "git add <file>..." to update what will be committed)
  (use "git restore <file>..." to discard changes in working directory)
	modified:   .gitignore
	modified:   FlowMon/src/app/globals.css
	modified:   FlowMon/src/app/layout.tsx
	modified:   FlowMon/src/app/page.tsx
	modified:   FlowMon/src/components/canvas/agent-node.tsx
	modified:   FlowMon/src/components/canvas/flow-canvas.tsx
	modified:   README.md

Untracked files:
  (use "git add <file>..." to include in what will be committed)
	FlowMon/pnpm-lock.yaml
	FlowMon/src/app/api/
	FlowMon/src/app/app/
	FlowMon/src/components/agent-x/
	FlowMon/src/components/canvas/execution-log.tsx
	FlowMon/src/components/canvas/inspector-panel.tsx
	FlowMon/src/components/canvas/toolbar.tsx
	FlowMon/src/components/registry/
	FlowMon/src/components/ui/
	test_output.txt

no changes added to commit (use "git add" and/or "git commit -a")
